# Creations
OK
OK
OK
OK
OK
OK
# CLEAR
OK
# LIST
EMPTY
