# Creations
OK
OK
# Undoing a creation
OK
# LIST
C c1 0 0 10
