# Load:
OK
# Creation of the 5 figures from loadFile.txt
OK
OK
OK
OK
OK
# Undo:
OK
# Deletion of the 5 figures
OK
OK
OK
OK
OK
# Value of LIST:
EMPTY
