# 1-2
OK
C c 1 1 1
# 3-4
OK
EMPTY
# 5-6
OK
C c 2 2 2
# 7-8
OK
EMPTY
# 9-10
OK
C c 3 3 3
# 11-12
OK
EMPTY
# 13-14
OK
C c 3 3 3
# 15-16
OK
EMPTY
# 17-18
OK
C c 3 3 3
# 19-20
OK
EMPTY
# 21-22
OK
C c 2 2 2
# 23-24
OK
EMPTY
# 25-26
OK
C c 1 1 1
