# Creations
OK
OK
OK
OK
# Alphabetical order
C c1 0 0 10
L l1 0 0 20 20
PL pl1 0 0 0 15 15 15 15 0
R r1 0 0 20 20
